[2025-11-11T01:27:56.048+0000][gc] Using G1
[2025-11-11T01:27:56.077+0000][gc,init] Version: 17.0.16+8-Ubuntu-0ubuntu122.04.1 (release)
[2025-11-11T01:27:56.077+0000][gc,init] CPUs: 6 total, 6 available
[2025-11-11T01:27:56.077+0000][gc,init] Memory: 2589M
[2025-11-11T01:27:56.077+0000][gc,init] Large Page Support: Disabled
[2025-11-11T01:27:56.077+0000][gc,init] NUMA Support: Disabled
[2025-11-11T01:27:56.077+0000][gc,init] Compressed Oops: Enabled (32-bit)
[2025-11-11T01:27:56.077+0000][gc,init] Heap Region Size: 1M
[2025-11-11T01:27:56.077+0000][gc,init] Heap Min Capacity: 1G
[2025-11-11T01:27:56.077+0000][gc,init] Heap Initial Capacity: 1G
[2025-11-11T01:27:56.077+0000][gc,init] Heap Max Capacity: 1G
[2025-11-11T01:27:56.077+0000][gc,init] Pre-touch: Disabled
[2025-11-11T01:27:56.077+0000][gc,init] Parallel Workers: 6
[2025-11-11T01:27:56.077+0000][gc,init] Concurrent Workers: 2
[2025-11-11T01:27:56.077+0000][gc,init] Concurrent Refinement Workers: 6
[2025-11-11T01:27:56.077+0000][gc,init] Periodic GC: Disabled
[2025-11-11T01:27:56.129+0000][gc,metaspace] CDS archive(s) mapped at: [0x00007f8117000000-0x00007f8117bca000-0x00007f8117bca000), size 12361728, SharedBaseAddress: 0x00007f8117000000, ArchiveRelocationMode: 1.
[2025-11-11T01:27:56.129+0000][gc,metaspace] Compressed class space mapped at: 0x00007f8118000000-0x00007f8158000000, reserved size: 1073741824
[2025-11-11T01:27:56.129+0000][gc,metaspace] Narrow klass base: 0x00007f8117000000, Narrow klass shift: 0, Narrow klass range: 0x100000000
[2025-11-11T01:28:01.368+0000][gc,start    ] GC(0) Pause Young (Normal) (G1 Evacuation Pause)
[2025-11-11T01:28:01.374+0000][gc,task     ] GC(0) Using 6 workers of 6 for evacuation
[2025-11-11T01:28:01.410+0000][gc,mmu      ] GC(0) MMU target violated: 21,0ms (20,0ms/21,0ms)
[2025-11-11T01:28:01.410+0000][gc,phases   ] GC(0)   Pre Evacuate Collection Set: 0,6ms
[2025-11-11T01:28:01.410+0000][gc,phases   ] GC(0)   Merge Heap Roots: 0,8ms
[2025-11-11T01:28:01.410+0000][gc,phases   ] GC(0)   Evacuate Collection Set: 29,3ms
[2025-11-11T01:28:01.410+0000][gc,phases   ] GC(0)   Post Evacuate Collection Set: 5,1ms
[2025-11-11T01:28:01.410+0000][gc,phases   ] GC(0)   Other: 6,2ms
[2025-11-11T01:28:01.410+0000][gc,heap     ] GC(0) Eden regions: 51->0(44)
[2025-11-11T01:28:01.410+0000][gc,heap     ] GC(0) Survivor regions: 0->7(7)
[2025-11-11T01:28:01.410+0000][gc,heap     ] GC(0) Old regions: 0->1
[2025-11-11T01:28:01.410+0000][gc,heap     ] GC(0) Archive regions: 2->2
[2025-11-11T01:28:01.410+0000][gc,heap     ] GC(0) Humongous regions: 0->0
[2025-11-11T01:28:01.410+0000][gc,metaspace] GC(0) Metaspace: 18561K(18752K)->18561K(18752K) NonClass: 16360K(16448K)->16360K(16448K) Class: 2201K(2304K)->2201K(2304K)
[2025-11-11T01:28:01.410+0000][gc          ] GC(0) Pause Young (Normal) (G1 Evacuation Pause) 51M->8M(1024M) 42,235ms
[2025-11-11T01:28:01.413+0000][gc,cpu      ] GC(0) User=0,02s Sys=0,14s Real=0,05s
[2025-11-11T01:28:03.145+0000][gc,start    ] GC(1) Pause Young (Concurrent Start) (Metadata GC Threshold)
[2025-11-11T01:28:03.145+0000][gc,task     ] GC(1) Using 6 workers of 6 for evacuation
[2025-11-11T01:28:03.176+0000][gc,mmu      ] GC(1) MMU target violated: 21,0ms (20,0ms/21,0ms)
[2025-11-11T01:28:03.176+0000][gc,phases   ] GC(1)   Pre Evacuate Collection Set: 0,7ms
[2025-11-11T01:28:03.176+0000][gc,phases   ] GC(1)   Merge Heap Roots: 0,4ms
[2025-11-11T01:28:03.176+0000][gc,phases   ] GC(1)   Evacuate Collection Set: 26,6ms
[2025-11-11T01:28:03.176+0000][gc,phases   ] GC(1)   Post Evacuate Collection Set: 2,1ms
[2025-11-11T01:28:03.176+0000][gc,phases   ] GC(1)   Other: 0,9ms
[2025-11-11T01:28:03.176+0000][gc,heap     ] GC(1) Eden regions: 12->0(49)
[2025-11-11T01:28:03.176+0000][gc,heap     ] GC(1) Survivor regions: 7->2(7)
[2025-11-11T01:28:03.176+0000][gc,heap     ] GC(1) Old regions: 1->8
[2025-11-11T01:28:03.176+0000][gc,heap     ] GC(1) Archive regions: 2->2
[2025-11-11T01:28:03.176+0000][gc,heap     ] GC(1) Humongous regions: 129->129
[2025-11-11T01:28:03.176+0000][gc,metaspace] GC(1) Metaspace: 21257K(21504K)->21257K(21504K) NonClass: 18700K(18816K)->18700K(18816K) Class: 2557K(2688K)->2557K(2688K)
[2025-11-11T01:28:03.176+0000][gc          ] GC(1) Pause Young (Concurrent Start) (Metadata GC Threshold) 149M->138M(1024M) 30,903ms
[2025-11-11T01:28:03.176+0000][gc,cpu      ] GC(1) User=0,04s Sys=0,09s Real=0,03s
[2025-11-11T01:28:03.176+0000][gc          ] GC(2) Concurrent Mark Cycle
[2025-11-11T01:28:03.177+0000][gc,marking  ] GC(2) Concurrent Clear Claimed Marks
[2025-11-11T01:28:03.177+0000][gc,marking  ] GC(2) Concurrent Clear Claimed Marks 0,476ms
[2025-11-11T01:28:03.177+0000][gc,marking  ] GC(2) Concurrent Scan Root Regions
[2025-11-11T01:28:03.186+0000][gc,marking  ] GC(2) Concurrent Scan Root Regions 8,906ms
[2025-11-11T01:28:03.186+0000][gc,marking  ] GC(2) Concurrent Mark
[2025-11-11T01:28:03.186+0000][gc,marking  ] GC(2) Concurrent Mark From Roots
[2025-11-11T01:28:03.186+0000][gc,task     ] GC(2) Using 2 workers of 2 for marking
[2025-11-11T01:28:03.191+0000][gc,marking  ] GC(2) Concurrent Mark From Roots 5,393ms
[2025-11-11T01:28:03.192+0000][gc,marking  ] GC(2) Concurrent Preclean
[2025-11-11T01:28:03.192+0000][gc,marking  ] GC(2) Concurrent Preclean 0,616ms
[2025-11-11T01:28:03.205+0000][gc,start    ] GC(2) Pause Remark
[2025-11-11T01:28:03.213+0000][gc          ] GC(2) Pause Remark 139M->139M(1024M) 8,034ms
[2025-11-11T01:28:03.213+0000][gc,cpu      ] GC(2) User=0,01s Sys=0,00s Real=0,01s
[2025-11-11T01:28:03.213+0000][gc,marking  ] GC(2) Concurrent Mark 27,120ms
[2025-11-11T01:28:03.213+0000][gc,marking  ] GC(2) Concurrent Rebuild Remembered Sets
[2025-11-11T01:28:03.216+0000][gc,marking  ] GC(2) Concurrent Rebuild Remembered Sets 2,679ms
[2025-11-11T01:28:03.217+0000][gc,start    ] GC(2) Pause Cleanup
[2025-11-11T01:28:03.221+0000][gc          ] GC(2) Pause Cleanup 139M->139M(1024M) 4,435ms
[2025-11-11T01:28:03.221+0000][gc,cpu      ] GC(2) User=0,00s Sys=0,00s Real=0,01s
[2025-11-11T01:28:03.222+0000][gc,marking  ] GC(2) Concurrent Cleanup for Next Mark
[2025-11-11T01:28:03.319+0000][gc,marking  ] GC(2) Concurrent Cleanup for Next Mark 97,844ms
[2025-11-11T01:28:03.320+0000][gc          ] GC(2) Concurrent Mark Cycle 143,200ms
[2025-11-11T01:28:05.304+0000][gc,start    ] GC(3) Pause Young (Normal) (G1 Evacuation Pause)
[2025-11-11T01:28:05.305+0000][gc,task     ] GC(3) Using 6 workers of 6 for evacuation
[2025-11-11T01:28:05.322+0000][gc,phases   ] GC(3)   Pre Evacuate Collection Set: 1,0ms
[2025-11-11T01:28:05.322+0000][gc,phases   ] GC(3)   Merge Heap Roots: 0,2ms
[2025-11-11T01:28:05.322+0000][gc,phases   ] GC(3)   Evacuate Collection Set: 12,1ms
[2025-11-11T01:28:05.322+0000][gc,phases   ] GC(3)   Post Evacuate Collection Set: 3,6ms
[2025-11-11T01:28:05.322+0000][gc,phases   ] GC(3)   Other: 0,4ms
[2025-11-11T01:28:05.322+0000][gc,heap     ] GC(3) Eden regions: 49->0(45)
[2025-11-11T01:28:05.322+0000][gc,heap     ] GC(3) Survivor regions: 2->6(7)
[2025-11-11T01:28:05.322+0000][gc,heap     ] GC(3) Old regions: 8->8
[2025-11-11T01:28:05.322+0000][gc,heap     ] GC(3) Archive regions: 2->2
[2025-11-11T01:28:05.322+0000][gc,heap     ] GC(3) Humongous regions: 129->129
[2025-11-11T01:28:05.322+0000][gc,metaspace] GC(3) Metaspace: 32311K(32576K)->32311K(32576K) NonClass: 28706K(28864K)->28706K(28864K) Class: 3604K(3712K)->3604K(3712K)
[2025-11-11T01:28:05.322+0000][gc          ] GC(3) Pause Young (Normal) (G1 Evacuation Pause) 187M->143M(1024M) 17,378ms
[2025-11-11T01:28:05.322+0000][gc,cpu      ] GC(3) User=0,02s Sys=0,03s Real=0,02s
[2025-11-11T01:30:53.817+0000][gc,start    ] GC(4) Pause Young (Concurrent Start) (Metadata GC Threshold)
[2025-11-11T01:30:53.820+0000][gc,task     ] GC(4) Using 6 workers of 6 for evacuation
[2025-11-11T01:30:53.949+0000][gc,mmu      ] GC(4) MMU target violated: 21,0ms (20,0ms/21,0ms)
[2025-11-11T01:30:53.949+0000][gc,phases   ] GC(4)   Pre Evacuate Collection Set: 18,9ms
[2025-11-11T01:30:53.949+0000][gc,phases   ] GC(4)   Merge Heap Roots: 2,3ms
[2025-11-11T01:30:53.949+0000][gc,phases   ] GC(4)   Evacuate Collection Set: 78,4ms
[2025-11-11T01:30:53.949+0000][gc,phases   ] GC(4)   Post Evacuate Collection Set: 9,0ms
[2025-11-11T01:30:53.950+0000][gc,phases   ] GC(4)   Other: 31,2ms
[2025-11-11T01:30:53.950+0000][gc,heap     ] GC(4) Eden regions: 17->0(49)
[2025-11-11T01:30:53.951+0000][gc,heap     ] GC(4) Survivor regions: 6->2(7)
[2025-11-11T01:30:53.951+0000][gc,heap     ] GC(4) Old regions: 8->13
[2025-11-11T01:30:53.951+0000][gc,heap     ] GC(4) Archive regions: 2->2
[2025-11-11T01:30:53.951+0000][gc,heap     ] GC(4) Humongous regions: 129->129
[2025-11-11T01:30:53.951+0000][gc,metaspace] GC(4) Metaspace: 35778K(36096K)->35778K(36096K) NonClass: 31579K(31744K)->31579K(31744K) Class: 4198K(4352K)->4198K(4352K)
[2025-11-11T01:30:53.952+0000][gc          ] GC(4) Pause Young (Concurrent Start) (Metadata GC Threshold) 159M->144M(1024M) 135,236ms
[2025-11-11T01:30:53.952+0000][gc,cpu      ] GC(4) User=0,42s Sys=0,15s Real=0,14s
[2025-11-11T01:30:53.954+0000][gc          ] GC(5) Concurrent Mark Cycle
[2025-11-11T01:30:53.955+0000][gc,marking  ] GC(5) Concurrent Clear Claimed Marks
[2025-11-11T01:30:53.958+0000][gc,marking  ] GC(5) Concurrent Clear Claimed Marks 3,396ms
[2025-11-11T01:30:53.958+0000][gc,marking  ] GC(5) Concurrent Scan Root Regions
[2025-11-11T01:30:53.970+0000][gc,marking  ] GC(5) Concurrent Scan Root Regions 12,046ms
[2025-11-11T01:30:53.970+0000][gc,marking  ] GC(5) Concurrent Mark
[2025-11-11T01:30:53.970+0000][gc,marking  ] GC(5) Concurrent Mark From Roots
[2025-11-11T01:30:53.970+0000][gc,task     ] GC(5) Using 2 workers of 2 for marking
[2025-11-11T01:30:54.026+0000][gc,marking  ] GC(5) Concurrent Mark From Roots 56,428ms
[2025-11-11T01:30:54.027+0000][gc,marking  ] GC(5) Concurrent Preclean
[2025-11-11T01:30:54.027+0000][gc,marking  ] GC(5) Concurrent Preclean 0,574ms
[2025-11-11T01:30:54.043+0000][gc,start    ] GC(5) Pause Remark
[2025-11-11T01:30:54.073+0000][gc,mmu      ] GC(5) MMU target violated: 21,0ms (20,0ms/21,0ms)
[2025-11-11T01:30:54.073+0000][gc          ] GC(5) Pause Remark 145M->145M(1024M) 29,548ms
[2025-11-11T01:30:54.073+0000][gc,cpu      ] GC(5) User=0,07s Sys=0,04s Real=0,03s
[2025-11-11T01:30:54.075+0000][gc,marking  ] GC(5) Concurrent Mark 104,946ms
[2025-11-11T01:30:54.075+0000][gc,marking  ] GC(5) Concurrent Rebuild Remembered Sets
[2025-11-11T01:30:54.086+0000][gc,marking  ] GC(5) Concurrent Rebuild Remembered Sets 11,255ms
[2025-11-11T01:30:54.087+0000][gc,start    ] GC(5) Pause Cleanup
[2025-11-11T01:30:54.089+0000][gc          ] GC(5) Pause Cleanup 146M->146M(1024M) 2,413ms
[2025-11-11T01:30:54.089+0000][gc,cpu      ] GC(5) User=0,00s Sys=0,00s Real=0,01s
[2025-11-11T01:30:54.090+0000][gc,marking  ] GC(5) Concurrent Cleanup for Next Mark
[2025-11-11T01:30:54.271+0000][gc,marking  ] GC(5) Concurrent Cleanup for Next Mark 181,186ms
[2025-11-11T01:30:54.271+0000][gc          ] GC(5) Concurrent Mark Cycle 317,108ms
[2025-11-11T01:55:50.657+0000][gc,start    ] GC(6) Pause Young (Normal) (G1 Evacuation Pause)
[2025-11-11T01:55:50.703+0000][gc,task     ] GC(6) Using 6 workers of 6 for evacuation
[2025-11-11T01:55:52.254+0000][gc,mmu      ] GC(6) MMU target violated: 21,0ms (20,0ms/21,0ms)
[2025-11-11T01:55:52.317+0000][gc,phases   ] GC(6)   Pre Evacuate Collection Set: 310,5ms
[2025-11-11T01:55:52.317+0000][gc,phases   ] GC(6)   Merge Heap Roots: 41,9ms
[2025-11-11T01:55:52.318+0000][gc,phases   ] GC(6)   Evacuate Collection Set: 989,7ms
[2025-11-11T01:55:52.318+0000][gc,phases   ] GC(6)   Post Evacuate Collection Set: 170,5ms
[2025-11-11T01:55:52.319+0000][gc,phases   ] GC(6)   Other: 162,9ms
[2025-11-11T01:55:52.320+0000][gc,heap     ] GC(6) Eden regions: 49->0(48)
[2025-11-11T01:55:52.327+0000][gc,heap     ] GC(6) Survivor regions: 2->3(7)
[2025-11-11T01:55:52.327+0000][gc,heap     ] GC(6) Old regions: 13->13
[2025-11-11T01:55:52.327+0000][gc,heap     ] GC(6) Archive regions: 2->2
[2025-11-11T01:55:52.327+0000][gc,heap     ] GC(6) Humongous regions: 129->129
[2025-11-11T01:55:52.356+0000][gc,metaspace] GC(6) Metaspace: 39478K(40000K)->39478K(40000K) NonClass: 34817K(35136K)->34817K(35136K) Class: 4660K(4864K)->4660K(4864K)
[2025-11-11T01:55:52.374+0000][gc          ] GC(6) Pause Young (Normal) (G1 Evacuation Pause) 193M->145M(1024M) 1701,422ms
[2025-11-11T01:55:52.412+0000][gc,cpu      ] GC(6) User=3,99s Sys=0,14s Real=1,76s
